Database /Users/banteg/dev/banteg/crimson/game_bins/crimsonland/1.9.93-gog/crimsonland.exe.i64 already exists.
Do you want to overwrite it? -> ~L~oad existing

  bytes   pages size description
--------- ----- ---- --------------------------------------------
 11124736  1358 8192 allocating memory for b-tree...
  2097152   256 8192 allocating memory for virtual array...
   262144    32 8192 allocating memory for name pointers...
-----------------------------------------------------------------
 13484032            total memory allocated

Loading processor module /Applications/IDA Professional 9.3.app/Contents/MacOS/procs/pc.dylib for metapc...OK
Loading type libraries...
Autoanalysis subsystem has been initialized.
Database for file 'crimsonland.exe' has been loaded.
Hex-Rays Decompiler plugin has been loaded (v9.3.0.260213)
  The hotkeys are F5: decompile, Ctrl-F5: decompile all.

  Please check the Edit/Plugins menu for more information.
Hex-rays version 9.3.0.260213 has been detected, gooMBA plugin ready to use
Using type parser: legacy
Applied name map: analysis/ghidra/maps/name_map.json (updated 623, created 0, renamed 0, signatures 603, comments 623, skipped 583)
IDA export complete: /Users/banteg/dev/banteg/crimson/analysis/ida/raw/crimsonland.exe
Flushing buffers, please wait...ok
Unloading IDP module /Applications/IDA Professional 9.3.app/Contents/MacOS/procs/pc.dylib...