Database /Users/banteg/dev/banteg/crimson/game_bins/crimsonland/1.9.93-gog/crimsonland.exe.i64 already exists.
Do you want to overwrite it? -> ~L~oad existing

  bytes   pages size description
--------- ----- ---- --------------------------------------------
 11124736  1358 8192 allocating memory for b-tree...
  2097152   256 8192 allocating memory for virtual array...
   262144    32 8192 allocating memory for name pointers...
-----------------------------------------------------------------
 13484032            total memory allocated

Loading processor module /Applications/IDA Professional 9.3.app/Contents/MacOS/procs/pc.dylib for metapc...OK
Loading type libraries...
Autoanalysis subsystem has been initialized.
Database for file 'crimsonland.exe' has been loaded.
Hex-Rays Decompiler plugin has been loaded (v9.3.0.260213)
  The hotkeys are F5: decompile, Ctrl-F5: decompile all.

  Please check the Edit/Plugins menu for more information.
Hex-rays version 9.3.0.260213 has been detected, gooMBA plugin ready to use
Using type parser: legacy
Applied name map: analysis/ghidra/maps/name_map.json (updated 623, created 0, renamed 0, signatures 603, comments 623, skipped 583)
401160: restored microcode from idb
401160: restored pseudocode from idb
The decompiler assumes that the segment '.rdata' is read-only because of its NAME.
All data references to the segment will be replaced by constant values.
This may lead to drastic changes in the decompiler output.
If the segment is not read-only, please change the segment NAME.

In general, the decompiler checks the segment permissions, class, and name
to determine if it is read-only.
 -> OK
The decompiler assumes that the segment '.idata' is read-only because of its NAME.
All data references to the segment will be replaced by constant values.
This may lead to drastic changes in the decompiler output.
If the segment is not read-only, please change the segment NAME.

In general, the decompiler checks the segment permissions, class, and name
to determine if it is read-only.
 -> OK
405130: restored microcode from idb
405130: restored pseudocode from idb
405140: restored microcode from idb
405140: restored pseudocode from idb
405150: restored microcode from idb
405150: restored pseudocode from idb
406130: restored microcode from idb
406130: restored pseudocode from idb
406140: restored microcode from idb
406140: restored pseudocode from idb
406150: restored microcode from idb
406150: restored pseudocode from idb
406160: restored microcode from idb
406160: restored pseudocode from idb
406170: restored microcode from idb
406170: restored pseudocode from idb
406AB0: restored microcode from idb
406AB0: restored pseudocode from idb
406AC0: restored microcode from idb
406AC0: restored pseudocode from idb
406AD0: restored microcode from idb
406AD0: restored pseudocode from idb
406AE0: restored microcode from idb
406AE0: restored pseudocode from idb
408970: restored microcode from idb
408970: restored pseudocode from idb
408980: restored microcode from idb
408980: restored pseudocode from idb
40AA90: restored microcode from idb
40AA90: restored pseudocode from idb
40AAA0: restored microcode from idb
40AAA0: restored pseudocode from idb
40C1A0: restored microcode from idb
40C1A0: restored pseudocode from idb
40C1B0: restored microcode from idb
40C1B0: restored pseudocode from idb
40CFE0: restored microcode from idb
40CFE0: restored pseudocode from idb
40DF50: restored microcode from idb
40DF50: restored pseudocode from idb
40DF60: restored microcode from idb
40DF60: restored pseudocode from idb
40DF80: restored microcode from idb
40DF80: restored pseudocode from idb
40DFC0: restored microcode from idb
40DFC0: restored pseudocode from idb
40E850: restored microcode from idb
40E850: restored pseudocode from idb
40F3D0: restored microcode from idb
40F3D0: restored pseudocode from idb
40F3E0: restored microcode from idb
40F3E0: restored pseudocode from idb
40F3F0: restored microcode from idb
40F3F0: restored pseudocode from idb
40FF30: restored microcode from idb
40FF30: restored pseudocode from idb
40FF40: restored microcode from idb
40FF40: restored pseudocode from idb
410790: restored microcode from idb
410790: restored pseudocode from idb
4107A0: restored microcode from idb
4107A0: restored pseudocode from idb
4107B0: restored microcode from idb
4107B0: restored pseudocode from idb
4107C0: restored microcode from idb
4107C0: restored pseudocode from idb
4107D0: restored microcode from idb
4107D0: restored pseudocode from idb
410CF0: restored microcode from idb
410CF0: restored pseudocode from idb
410D00: restored microcode from idb
410D00: restored pseudocode from idb
410D10: restored microcode from idb
410D10: restored pseudocode from idb
412020: restored microcode from idb
412020: restored pseudocode from idb
412030: restored microcode from idb
412030: restored pseudocode from idb
412040: restored microcode from idb
412040: restored pseudocode from idb
412050: restored microcode from idb
412050: restored pseudocode from idb
412060: restored microcode from idb
412060: restored pseudocode from idb
412070: restored microcode from idb
412070: restored pseudocode from idb
412090: restored microcode from idb
412090: restored pseudocode from idb
412170: restored microcode from idb
412170: restored pseudocode from idb
412180: restored microcode from idb
412180: restored pseudocode from idb
4121B0: restored microcode from idb
4121B0: restored pseudocode from idb
4121E0: restored microcode from idb
4121E0: restored pseudocode from idb
412200: restored microcode from idb
412200: restored pseudocode from idb
412230: restored microcode from idb
412230: restored pseudocode from idb
412260: restored microcode from idb
412260: restored pseudocode from idb
4122A0: restored microcode from idb
4122A0: restored pseudocode from idb
4123C0: restored microcode from idb
4123C0: restored pseudocode from idb
4123F0: restored microcode from idb
4123F0: restored pseudocode from idb
412450: restored microcode from idb
412450: restored pseudocode from idb
41A7D0: restored microcode from idb
41A7D0: restored pseudocode from idb
41CA80: restored microcode from idb
41CA80: restored pseudocode from idb
41CDB0: restored microcode from idb
41CDB0: restored pseudocode from idb
41DD40: restored microcode from idb
41DD40: restored pseudocode from idb
41DD90: restored microcode from idb
41DD90: restored pseudocode from idb
41E0C0: restored microcode from idb
41E0C0: restored pseudocode from idb
41E120: restored microcode from idb
41E120: restored pseudocode from idb
41E150: restored microcode from idb
41E150: restored pseudocode from idb
41E180: restored microcode from idb
41E180: restored pseudocode from idb
41E1B0: restored microcode from idb
41E1B0: restored pseudocode from idb
41E260: restored microcode from idb
41E260: restored pseudocode from idb
41E430: restored microcode from idb
41E430: restored pseudocode from idb
41E460: restored microcode from idb
41E460: restored pseudocode from idb
41E4A0: restored microcode from idb
41E4A0: restored pseudocode from idb
41E520: restored microcode from idb
41E520: restored pseudocode from idb
41E5D0: restored microcode from idb
41E5D0: restored pseudocode from idb
41E6D0: restored microcode from idb
41E6D0: restored pseudocode from idb
41E720: restored microcode from idb
41E720: restored pseudocode from idb
41E740: restored microcode from idb
41E740: restored pseudocode from idb
41E760: restored microcode from idb
41E760: restored pseudocode from idb
41E7B0: restored microcode from idb
41E7B0: restored pseudocode from idb
41E7D0: restored microcode from idb
41E7D0: restored pseudocode from idb
41E7F0: restored microcode from idb
41E7F0: restored pseudocode from idb
41E810: restored microcode from idb
41E810: restored pseudocode from idb
41E830: restored microcode from idb
41E830: restored pseudocode from idb
41F570: restored microcode from idb
41F570: restored pseudocode from idb
427830: restored microcode from idb
427830: restored pseudocode from idb
42DE10: restored microcode from idb
42DE10: restored pseudocode from idb
42DE50: restored microcode from idb
42DE50: restored pseudocode from idb
42DE70: restored microcode from idb
42DE70: restored pseudocode from idb
42FA90: restored microcode from idb
42FA90: restored pseudocode from idb
42FAC0: restored microcode from idb
42FAC0: restored pseudocode from idb
42FAF0: restored microcode from idb
42FAF0: restored pseudocode from idb
43C6B0: restored microcode from idb
43C6B0: restored pseudocode from idb
43E810: restored microcode from idb
43E810: restored pseudocode from idb
43E820: restored microcode from idb
43E820: restored pseudocode from idb
440090: restored microcode from idb
440090: restored pseudocode from idb
4400A0: restored microcode from idb
4400A0: restored pseudocode from idb
4400B0: restored microcode from idb
4400B0: restored pseudocode from idb
4400C0: restored microcode from idb
4400C0: restored pseudocode from idb
4400D0: restored microcode from idb
4400D0: restored pseudocode from idb
4400E0: restored microcode from idb
4400E0: restored pseudocode from idb
4400F0: restored microcode from idb
4400F0: restored pseudocode from idb
440100: restored microcode from idb
440100: restored pseudocode from idb
440940: restored microcode from idb
440940: restored pseudocode from idb
440950: restored microcode from idb
440950: restored pseudocode from idb
441180: restored microcode from idb
441180: restored pseudocode from idb
441190: restored microcode from idb
441190: restored pseudocode from idb
4411B0: restored microcode from idb
4411B0: restored pseudocode from idb
4423C0: restored microcode from idb
4423C0: restored pseudocode from idb
444330: restored microcode from idb
444330: restored pseudocode from idb
444340: restored microcode from idb
444340: restored pseudocode from idb
444350: restored microcode from idb
444350: restored pseudocode from idb
444360: restored microcode from idb
444360: restored pseudocode from idb
444370: restored microcode from idb
444370: restored pseudocode from idb
444380: restored microcode from idb
444380: restored pseudocode from idb
444390: restored microcode from idb
444390: restored pseudocode from idb
4443A0: restored microcode from idb
4443A0: restored pseudocode from idb
4443B0: restored microcode from idb
4443B0: restored pseudocode from idb
4447D0: restored microcode from idb
4447D0: restored pseudocode from idb
4447E0: restored microcode from idb
4447E0: restored pseudocode from idb
4447F0: restored microcode from idb
4447F0: restored pseudocode from idb
444800: restored microcode from idb
444800: restored pseudocode from idb
445FF0: restored microcode from idb
445FF0: restored pseudocode from idb
447C30: restored microcode from idb
447C30: restored pseudocode from idb
447C40: restored microcode from idb
447C40: restored pseudocode from idb
447C50: restored microcode from idb
447C50: restored pseudocode from idb
447C60: restored microcode from idb
447C60: restored pseudocode from idb
447C70: restored microcode from idb
447C70: restored pseudocode from idb
447C80: restored microcode from idb
447C80: restored pseudocode from idb
448AB0: restored microcode from idb
448AB0: restored pseudocode from idb
448AC0: restored microcode from idb
448AC0: restored pseudocode from idb
448AD0: restored microcode from idb
448AD0: restored pseudocode from idb
448AE0: restored microcode from idb
448AE0: restored pseudocode from idb
448AF0: restored microcode from idb
448AF0: restored pseudocode from idb
448B00: restored microcode from idb
448B00: restored pseudocode from idb
448B10: restored microcode from idb
448B10: restored pseudocode from idb
448B20: restored microcode from idb
448B20: restored pseudocode from idb
448B30: restored microcode from idb
448B30: restored pseudocode from idb
448B40: restored microcode from idb
448B40: restored pseudocode from idb
44ED10: restored microcode from idb
44ED10: restored pseudocode from idb
44ED20: restored microcode from idb
44ED20: restored pseudocode from idb
44ED30: restored microcode from idb
44ED30: restored pseudocode from idb
44ED40: restored microcode from idb
44ED40: restored pseudocode from idb
44ED50: restored microcode from idb
44ED50: restored pseudocode from idb
44ED60: restored microcode from idb
44ED60: restored pseudocode from idb
44ED70: restored microcode from idb
44ED70: restored pseudocode from idb
44FA30: restored microcode from idb
44FA30: restored pseudocode from idb
44FA40: restored microcode from idb
44FA40: restored pseudocode from idb
44FA50: restored microcode from idb
44FA50: restored pseudocode from idb
44FA60: restored microcode from idb
44FA60: restored pseudocode from idb
44FA70: restored microcode from idb
44FA70: restored pseudocode from idb
44FA80: restored microcode from idb
44FA80: restored pseudocode from idb
44FA90: restored microcode from idb
44FA90: restored pseudocode from idb
451910: restored microcode from idb
451910: restored pseudocode from idb
452F30: restored microcode from idb
452F30: restored pseudocode from idb
452F5A: restored microcode from idb
452F5A: restored pseudocode from idb
452FE8: restored microcode from idb
452FE8: restored pseudocode from idb
453012: restored microcode from idb
453012: restored pseudocode from idb
4530C1: restored microcode from idb
4530C1: restored pseudocode from idb
4530F0: restored microcode from idb
4530F0: restored pseudocode from idb
453133: restored microcode from idb
453133: restored pseudocode from idb
45315A: restored microcode from idb
45315A: restored pseudocode from idb
45316D: restored microcode from idb
45316D: restored pseudocode from idb
453197: restored microcode from idb
453197: restored pseudocode from idb
453245: restored microcode from idb
453245: restored pseudocode from idb
45326F: restored microcode from idb
45326F: restored pseudocode from idb
453340: restored microcode from idb
453340: restored pseudocode from idb
45336F: restored microcode from idb
45336F: restored pseudocode from idb
4533D9: restored microcode from idb
4533D9: restored pseudocode from idb
453464: restored microcode from idb
453464: restored pseudocode from idb
453484: restored microcode from idb
453484: restored pseudocode from idb
4534EA: restored microcode from idb
4534EA: restored pseudocode from idb
4534FB: restored microcode from idb
4534FB: restored pseudocode from idb
453519: restored microcode from idb
453519: restored pseudocode from idb
453616: restored microcode from idb
453616: restored pseudocode from idb
453640: restored microcode from idb
453640: restored pseudocode from idb
453711: restored microcode from idb
453711: restored pseudocode from idb
45373B: restored microcode from idb
45373B: restored pseudocode from idb
45382E: restored microcode from idb
45382E: restored pseudocode from idb
45385D: restored microcode from idb
45385D: restored pseudocode from idb
4538E1: restored microcode from idb
4538E1: restored pseudocode from idb
45398D: restored microcode from idb
45398D: restored pseudocode from idb
453A57: restored microcode from idb
453A57: restored pseudocode from idb
453A6A: restored microcode from idb
453A6A: restored pseudocode from idb
453CA0: restored microcode from idb
453CA0: restored pseudocode from idb
453CB3: restored microcode from idb
453CB3: restored pseudocode from idb
453D2D: restored microcode from idb
453D2D: restored pseudocode from idb
453F63: restored microcode from idb
453F63: restored pseudocode from idb
453F76: restored microcode from idb
453F76: restored pseudocode from idb
454303: restored microcode from idb
454303: restored pseudocode from idb
454331: restored microcode from idb
454331: restored pseudocode from idb
45438D: restored microcode from idb
45438D: restored pseudocode from idb
4543BB: restored microcode from idb
4543BB: restored pseudocode from idb
454417: restored microcode from idb
454417: restored pseudocode from idb
454433: restored microcode from idb
454433: restored pseudocode from idb
4544AD: restored microcode from idb
4544AD: restored pseudocode from idb
4544C9: restored microcode from idb
4544C9: restored pseudocode from idb
454544: restored microcode from idb
454544: restored pseudocode from idb
454560: restored microcode from idb
454560: restored pseudocode from idb
4545DC: restored microcode from idb
4545DC: restored pseudocode from idb
4545FC: restored microcode from idb
4545FC: restored pseudocode from idb
4546FE: restored microcode from idb
4546FE: restored pseudocode from idb
454711: restored microcode from idb
454711: restored pseudocode from idb
4547F3: restored microcode from idb
4547F3: restored pseudocode from idb
454821: restored microcode from idb
454821: restored pseudocode from idb
454832: restored microcode from idb
454832: restored pseudocode from idb
454859: restored microcode from idb
454859: restored pseudocode from idb
454966: restored microcode from idb
454966: restored pseudocode from idb
454A10: restored microcode from idb
454A10: restored pseudocode from idb
454B44: restored microcode from idb
454B44: restored pseudocode from idb
454B64: restored microcode from idb
454B64: restored pseudocode from idb
454BC0: restored microcode from idb
454BC0: restored pseudocode from idb
454BF4: restored microcode from idb
454BF4: restored pseudocode from idb
454CCD: restored microcode from idb
454CCD: restored pseudocode from idb
454CE0: restored microcode from idb
454CE0: restored pseudocode from idb
454D83: restored microcode from idb
454D83: restored pseudocode from idb
454E3C: restored microcode from idb
454E3C: restored pseudocode from idb
454E4F: restored microcode from idb
454E4F: restored pseudocode from idb
454F09: restored microcode from idb
454F09: restored pseudocode from idb
454F8D: restored microcode from idb
454F8D: restored pseudocode from idb
455028: restored microcode from idb
455028: restored pseudocode from idb
455052: restored microcode from idb
455052: restored pseudocode from idb
455135: restored microcode from idb
455135: restored pseudocode from idb
45515F: restored microcode from idb
45515F: restored pseudocode from idb
4551B6: restored microcode from idb
4551B6: restored pseudocode from idb
4551C7: restored microcode from idb
4551C7: restored pseudocode from idb
4551F6: restored microcode from idb
4551F6: restored pseudocode from idb
455281: restored microcode from idb
455281: restored pseudocode from idb
455294: restored microcode from idb
455294: restored pseudocode from idb
455345: restored microcode from idb
455345: restored pseudocode from idb
4553F4: restored microcode from idb
4553F4: restored pseudocode from idb
455439: restored microcode from idb
455439: restored pseudocode from idb
4554E8: restored microcode from idb
4554E8: restored pseudocode from idb
455614: restored microcode from idb
455614: restored pseudocode from idb
45567F: restored microcode from idb
45567F: restored pseudocode from idb
4556FF: restored microcode from idb
4556FF: restored pseudocode from idb
45573B: restored microcode from idb
45573B: restored pseudocode from idb
4557DB: restored microcode from idb
4557DB: restored pseudocode from idb
45589A: restored microcode from idb
45589A: restored pseudocode from idb
455A27: restored microcode from idb
455A27: restored pseudocode from idb
455BCD: restored microcode from idb
455BCD: restored pseudocode from idb
455C86: restored microcode from idb
455C86: restored pseudocode from idb
455CBF: restored microcode from idb
455CBF: restored pseudocode from idb
455F73: restored microcode from idb
455F73: restored pseudocode from idb
45604D: restored microcode from idb
45604D: restored pseudocode from idb
45610C: restored microcode from idb
45610C: restored pseudocode from idb
4564E6: restored microcode from idb
4564E6: restored pseudocode from idb
456542: restored microcode from idb
456542: restored pseudocode from idb
45657A: restored microcode from idb
45657A: restored pseudocode from idb
45661F: restored microcode from idb
45661F: restored pseudocode from idb
4567B0: restored microcode from idb
4567B0: restored pseudocode from idb
4568C0: restored microcode from idb
4568C0: restored pseudocode from idb
4569D0: restored microcode from idb
4569D0: restored pseudocode from idb
456AA5: restored microcode from idb
456AA5: restored pseudocode from idb
456CCB: restored microcode from idb
456CCB: restored pseudocode from idb
456D34: restored microcode from idb
456D34: restored pseudocode from idb
456D69: restored microcode from idb
456D69: restored pseudocode from idb
456DF4: restored microcode from idb
456DF4: restored pseudocode from idb
456E53: restored microcode from idb
456E53: restored pseudocode from idb
456EEC: restored microcode from idb
456EEC: restored pseudocode from idb
456FB6: restored microcode from idb
456FB6: restored pseudocode from idb
457099: restored microcode from idb
457099: restored pseudocode from idb
457127: restored microcode from idb
457127: restored pseudocode from idb
457170: restored microcode from idb
457170: restored pseudocode from idb
4571B0: restored microcode from idb
4571B0: restored pseudocode from idb
457210: restored microcode from idb
457210: restored pseudocode from idb
457250: restored microcode from idb
457250: restored pseudocode from idb
45725E: restored microcode from idb
45725E: restored pseudocode from idb
457350: restored microcode from idb
457350: restored pseudocode from idb
45735E: restored microcode from idb
45735E: restored pseudocode from idb
457420: restored microcode from idb
457420: restored pseudocode from idb
45742E: restored microcode from idb
45742E: restored pseudocode from idb
457500: restored microcode from idb
457500: restored pseudocode from idb
45750E: restored microcode from idb
45750E: restored pseudocode from idb
4575B0: restored microcode from idb
4575B0: restored pseudocode from idb
457650: restored microcode from idb
457650: restored pseudocode from idb
457710: restored microcode from idb
457710: restored pseudocode from idb
4577A0: restored microcode from idb
4577A0: restored pseudocode from idb
457850: restored microcode from idb
457850: restored pseudocode from idb
457910: restored microcode from idb
457910: restored pseudocode from idb
4579B0: restored microcode from idb
4579B0: restored pseudocode from idb
457A40: restored microcode from idb
457A40: restored pseudocode from idb
457AA0: restored microcode from idb
457AA0: restored pseudocode from idb
457AF0: restored microcode from idb
457AF0: restored pseudocode from idb
457B50: restored microcode from idb
457B50: restored pseudocode from idb
457C10: restored microcode from idb
457C10: restored pseudocode from idb
457C1E: restored microcode from idb
457C1E: restored pseudocode from idb
457D00: restored microcode from idb
457D00: restored pseudocode from idb
457D0E: restored microcode from idb
457D0E: restored pseudocode from idb
457E90: restored microcode from idb
457E90: restored pseudocode from idb
457E9E: restored microcode from idb
457E9E: restored pseudocode from idb
457F70: restored microcode from idb
457F70: restored pseudocode from idb
458000: restored microcode from idb
458000: restored pseudocode from idb
4580A0: restored microcode from idb
4580A0: restored pseudocode from idb
4580AE: restored microcode from idb
4580AE: restored pseudocode from idb
458110: restored microcode from idb
458110: restored pseudocode from idb
458230: restored microcode from idb
458230: restored pseudocode from idb
45823E: restored microcode from idb
45823E: restored pseudocode from idb
458300: restored microcode from idb
458300: restored pseudocode from idb
45830E: restored microcode from idb
45830E: restored pseudocode from idb
4583C0: restored microcode from idb
4583C0: restored pseudocode from idb
4583CE: restored microcode from idb
4583CE: restored pseudocode from idb
458480: restored microcode from idb
458480: restored pseudocode from idb
45848E: restored microcode from idb
45848E: restored pseudocode from idb
458540: restored microcode from idb
458540: restored pseudocode from idb
45854E: restored microcode from idb
45854E: restored pseudocode from idb
458690: restored microcode from idb
458690: restored pseudocode from idb
45869E: restored microcode from idb
45869E: restored pseudocode from idb
458760: restored microcode from idb
458760: restored pseudocode from idb
45876E: restored microcode from idb
45876E: restored pseudocode from idb
458840: restored microcode from idb
458840: restored pseudocode from idb
45884E: restored microcode from idb
45884E: restored pseudocode from idb
458B00: restored microcode from idb
458B00: restored pseudocode from idb
458B0E: restored microcode from idb
458B0E: restored pseudocode from idb
458C60: restored microcode from idb
458C60: restored pseudocode from idb
458C6E: restored microcode from idb
458C6E: restored pseudocode from idb
458D10: restored microcode from idb
458D10: restored pseudocode from idb
458D1E: restored microcode from idb
458D1E: restored pseudocode from idb
458D90: restored microcode from idb
458D90: restored pseudocode from idb
458D9E: restored microcode from idb
458D9E: restored pseudocode from idb
458E20: restored microcode from idb
458E20: restored pseudocode from idb
458E2E: restored microcode from idb
458E2E: restored pseudocode from idb
458EF0: restored microcode from idb
458EF0: restored pseudocode from idb
458EFE: restored microcode from idb
458EFE: restored pseudocode from idb
458FE0: restored microcode from idb
458FE0: restored pseudocode from idb
458FEE: restored microcode from idb
458FEE: restored pseudocode from idb
459170: restored microcode from idb
459170: restored pseudocode from idb
45917E: restored microcode from idb
45917E: restored pseudocode from idb
459250: restored microcode from idb
459250: restored pseudocode from idb
459370: restored microcode from idb
459370: restored pseudocode from idb
45937E: restored microcode from idb
45937E: restored pseudocode from idb
459440: restored microcode from idb
459440: restored pseudocode from idb
4594D9: restored microcode from idb
4594D9: restored pseudocode from idb
459536: restored microcode from idb
459536: restored pseudocode from idb
4595E9: restored microcode from idb
4595E9: restored pseudocode from idb
459805: restored microcode from idb
459805: restored pseudocode from idb
459A1A: restored microcode from idb
459A1A: restored pseudocode from idb
459ADF: restored microcode from idb
459ADF: restored pseudocode from idb
459B4B: restored microcode from idb
459B4B: restored pseudocode from idb
459C82: restored microcode from idb
459C82: restored pseudocode from idb
459D0F: restored microcode from idb
459D0F: restored pseudocode from idb
459DA1: restored microcode from idb
459DA1: restored pseudocode from idb
459E05: restored microcode from idb
459E05: restored pseudocode from idb
459EAC: restored microcode from idb
459EAC: restored pseudocode from idb
459F51: restored microcode from idb
459F51: restored pseudocode from idb
45A9AA: restored microcode from idb
45A9AA: restored pseudocode from idb
45ABDC: restored microcode from idb
45ABDC: restored pseudocode from idb
45ACAB: restored microcode from idb
45ACAB: restored pseudocode from idb
45ACFB: restored microcode from idb
45ACFB: restored pseudocode from idb
45ADE6: restored microcode from idb
45ADE6: restored pseudocode from idb
45AEC2: restored microcode from idb
45AEC2: restored pseudocode from idb
45AF25: restored microcode from idb
45AF25: restored pseudocode from idb
45AF83: restored microcode from idb
45AF83: restored pseudocode from idb
45AFDC: restored microcode from idb
45AFDC: restored pseudocode from idb
45B023: restored microcode from idb
45B023: restored pseudocode from idb
45B092: restored microcode from idb
45B092: restored pseudocode from idb
45B0CB: restored microcode from idb
45B0CB: restored pseudocode from idb
45B19D: restored microcode from idb
45B19D: restored pseudocode from idb
45B252: restored microcode from idb
45B252: restored pseudocode from idb
45C3EA: restored microcode from idb
45C3EA: restored pseudocode from idb
45C58F: restored microcode from idb
45C58F: restored pseudocode from idb
45CAC3: restored microcode from idb
45CAC3: restored pseudocode from idb
45CBDC: restored microcode from idb
45CBDC: restored pseudocode from idb
45DD30: restored microcode from idb
45DD30: restored pseudocode from idb
45E012: restored microcode from idb
45E012: restored pseudocode from idb
45E73E: restored microcode from idb
45E73E: restored pseudocode from idb
45E75A: restored microcode from idb
45E75A: restored pseudocode from idb
45E7CB: restored microcode from idb
45E7CB: restored pseudocode from idb
45E832: restored microcode from idb
45E832: restored pseudocode from idb
45E891: restored microcode from idb
45E891: restored pseudocode from idb
45E902: restored microcode from idb
45E902: restored pseudocode from idb
45E9D6: restored microcode from idb
45E9D6: restored pseudocode from idb
45F0C5: restored microcode from idb
45F0C5: restored pseudocode from idb
45F218: restored microcode from idb
45F218: restored pseudocode from idb
45F26D: restored microcode from idb
45F26D: restored pseudocode from idb
45F2A6: restored microcode from idb
45F2A6: restored pseudocode from idb
45F30A: restored microcode from idb
45F30A: restored pseudocode from idb
45F3A2: restored microcode from idb
45F3A2: restored pseudocode from idb
45F3EB: restored microcode from idb
45F3EB: restored pseudocode from idb
45F42E: restored microcode from idb
45F42E: restored pseudocode from idb
45F4D9: restored microcode from idb
45F4D9: restored pseudocode from idb
45F55B: restored microcode from idb
45F55B: restored pseudocode from idb
45F5BA: restored microcode from idb
45F5BA: restored pseudocode from idb
45F6EC: restored microcode from idb
45F6EC: restored pseudocode from idb
45F75D: restored microcode from idb
45F75D: restored pseudocode from idb
45F825: restored microcode from idb
45F825: restored pseudocode from idb
45F903: restored microcode from idb
45F903: restored pseudocode from idb
45F946: restored microcode from idb
45F946: restored pseudocode from idb
45FA2A: restored microcode from idb
45FA2A: restored pseudocode from idb
45FAE8: restored microcode from idb
45FAE8: restored pseudocode from idb
45FB4C: restored microcode from idb
45FB4C: restored pseudocode from idb
45FBD0: restored microcode from idb
45FBD0: restored pseudocode from idb
45FDC0: restored microcode from idb
45FDC0: restored pseudocode from idb
45FEB0: restored microcode from idb
45FEB0: restored pseudocode from idb
4603C0: restored microcode from idb
4603C0: restored pseudocode from idb
460CB8: restored microcode from idb
460CB8: restored pseudocode from idb
460CCF: restored microcode from idb
460CCF: restored pseudocode from idb
461501: restored microcode from idb
461501: restored pseudocode from idb
461FD5: restored microcode from idb
461FD5: restored pseudocode from idb
462A17: restored microcode from idb
462A17: restored pseudocode from idb
463176: restored microcode from idb
463176: restored pseudocode from idb
466A61: restored microcode from idb
466A61: restored pseudocode from idb
466BD6: restored microcode from idb
466BD6: restored pseudocode from idb
466CA6: restored microcode from idb
466CA6: restored pseudocode from idb
46777A: restored microcode from idb
46777A: restored pseudocode from idb
4678BE: restored microcode from idb
4678BE: restored pseudocode from idb
467914: restored microcode from idb
467914: restored pseudocode from idb
467A2D: restored microcode from idb
467A2D: restored pseudocode from idb
467C7A: restored microcode from idb
467C7A: restored pseudocode from idb
467D9E: restored microcode from idb
467D9E: restored pseudocode from idb
468DDC: restored microcode from idb
468DDC: restored pseudocode from idb
46A318: restored microcode from idb
46A318: restored pseudocode from idb
46A32E: restored microcode from idb
46A32E: restored pseudocode from idb
46A344: restored microcode from idb
46A344: restored pseudocode from idb
46A371: restored microcode from idb
46A371: restored pseudocode from idb
46D66C: restored microcode from idb
46D66C: restored pseudocode from idb
46D6B5: restored microcode from idb
46D6B5: restored pseudocode from idb
46D6C6: restored microcode from idb
46D6C6: restored pseudocode from idb
IDA decompile complete: /Users/banteg/dev/banteg/crimson/analysis/ida/raw/crimsonland.exe/crimsonland.exe_decompiled.c
Flushing buffers, please wait...ok
Unloading IDP module /Applications/IDA Professional 9.3.app/Contents/MacOS/procs/pc.dylib...